// Jest Snapshot v1, https://goo.gl/fbAQLP

exports[`<App /> component should render succesfuly 1`] = `
<div
  className="App"
>
  <h1>
    React Boilerplate
  </h1>
</div>
`;
